python : Creating test database for alias 'default'...
At line:1 char:29
+ ... ts\activate.ps1; python manage.py test apps.vision.tests 2>&1 | Out-F ...
+                      ~~~~~~~~~~~~~~~~~~~~~~~~~~~~~~~~~~~~~~~~~~~~
    + CategoryInfo          : NotSpecified: (Creating test d...as 'default'...:String) [], RemoteException
    + FullyQualifiedErrorId : NativeCommandError
 

.........................[_output_from_points] \u26a0 ȱ�����۾���������λ�ˣ����Ʊ����������ϵ (T_fc=��, T_bf=��)
.�ɼ�����ʧ��: tofconfig invalid JSON
Traceback (most recent call last):
  File "D:\workspace2\AutomaticOrder\apps\vision\views.py", line 1957, in api_vision_3d_capture
    payload = Rack3DLocator().capture(
              ^^^^^^^^^^^^^^^^^^^^^^^^
  File "D:\workspace2\AutomaticOrder\apps\vision\rack_location.py", line 943, in capture
    frame = self.frame_provider.capture(probe_recipe, position_no, layer_no)
            ^^^^^^^^^^^^^^^^^^^^^^^^^^^^^^^^^^^^^^^^^^^^^^^^^^^^^^^^^^^^^^^^
  File "D:\software\Python\Python312\Lib\unittest\mock.py", line 1134, in __call__
    return self._mock_call(*args, **kwargs)
           ^^^^^^^^^^^^^^^^^^^^^^^^^^^^^^^^
  File "D:\software\Python\Python312\Lib\unittest\mock.py", line 1138, in _mock_call
    return self._execute_mock_call(*args, **kwargs)
           ^^^^^^^^^^^^^^^^^^^^^^^^^^^^^^^^^^^^^^^^
  File "D:\software\Python\Python312\Lib\unittest\mock.py", line 1193, in _execute_mock_call
    raise effect
apps.dm_camera.sdk_wrapper.DMCameraConfigurationError: tofconfig invalid JSON

........[_output_from_points] \u26a0 ȱ�����۾���������λ�ˣ����Ʊ����������ϵ (T_fc=��, T_bf=��)
.[_output_from_points] \u26a0 ȱ�����۾���������λ�ˣ����Ʊ����������ϵ (T_fc=��, T_bf=��)
............................................EE..FF.......EF............E...................FF....F......
======================================================================
ERROR: test_recipe_config_accepts_algorithm_threshold_field_names (apps.vision.tests.VisionRecipeModelTests.test_recipe
_config_accepts_algorithm_threshold_field_names)
----------------------------------------------------------------------
Traceback (most recent call last):
  File "D:\workspace2\AutomaticOrder\apps\vision\tests.py", line 957, in test_recipe_config_accepts_algorithm_threshold
_field_names
    self.assertEqual(config['max_offset_px'], 22)
                     ~~~~~~^^^^^^^^^^^^^^^^^
KeyError: 'max_offset_px'

======================================================================
ERROR: test_recipe_config_converts_pixel_roi_to_foam_inspector_ratio_config (apps.vision.tests.VisionRecipeModelTests.t
est_recipe_config_converts_pixel_roi_to_foam_inspector_ratio_config)
----------------------------------------------------------------------
Traceback (most recent call last):
  File "D:\workspace2\AutomaticOrder\apps\vision\tests.py", line 933, in test_recipe_config_converts_pixel_roi_to_foam_
inspector_ratio_config
    self.assertEqual(config['max_offset_px'], 18)
                     ~~~~~~^^^^^^^^^^^^^^^^^
KeyError: 'max_offset_px'

======================================================================
ERROR: test_calibrated_foam_inspection_fails_when_one_side_missing (apps.vision.tests.VisionServiceTests.test_calibrate
d_foam_inspection_fails_when_one_side_missing)
----------------------------------------------------------------------
Traceback (most recent call last):
  File "D:\workspace2\AutomaticOrder\apps\vision\tests.py", line 1611, in test_calibrated_foam_inspection_fails_when_on
e_side_missing
    self.assertTrue(result['has_lifted_edge'])
                    ~~~~~~^^^^^^^^^^^^^^^^^^^
KeyError: 'has_lifted_edge'

======================================================================
ERROR: test_missing_foam_marks_all_core_judgements_ng (apps.vision.tests.VisionServiceTests.test_missing_foam_marks_all
_core_judgements_ng)
----------------------------------------------------------------------
Traceback (most recent call last):
  File "D:\workspace2\AutomaticOrder\apps\vision\tests.py", line 1226, in test_missing_foam_marks_all_core_judgements_n
g
    self.assertTrue(result['has_lifted_edge'])
                    ~~~~~~^^^^^^^^^^^^^^^^^^^
KeyError: 'has_lifted_edge'

======================================================================
FAIL: test_inspect_foam_falls_back_to_active_recipe_for_position_index (apps.vision.tests.VisionRecipeServiceTests.test
_inspect_foam_falls_back_to_active_recipe_for_position_index)
----------------------------------------------------------------------
Traceback (most recent call last):
  File "D:\workspace2\AutomaticOrder\apps\vision\tests.py", line 1027, in test_inspect_foam_falls_back_to_active_recipe
_for_position_index
    self.assertEqual(result.result_data['max_offset_px'], 13)
AssertionError: 30 != 13

======================================================================
FAIL: test_inspect_foam_uses_explicit_recipe_id_and_records_recipe_metadata (apps.vision.tests.VisionRecipeServiceTests
.test_inspect_foam_uses_explicit_recipe_id_and_records_recipe_metadata)
----------------------------------------------------------------------
Traceback (most recent call last):
  File "D:\workspace2\AutomaticOrder\apps\vision\tests.py", line 1008, in test_inspect_foam_uses_explicit_recipe_id_and
_records_recipe_metadata
    self.assertEqual(result.result_data['max_offset_px'], 19)
AssertionError: 30 != 19

======================================================================
FAIL: test_calibrated_foam_inspection_passes_when_foam_exists_even_if_offset (apps.vision.tests.VisionServiceTests.test
_calibrated_foam_inspection_passes_when_foam_exists_even_if_offset)
----------------------------------------------------------------------
Traceback (most recent call last):
  File "D:\workspace2\AutomaticOrder\apps\vision\tests.py", line 1636, in test_calibrated_foam_inspection_passes_when_f
oam_exists_even_if_offset
    self.assertTrue(result['is_passed'])
AssertionError: False is not true

======================================================================
FAIL: test_coverage_is_capped_when_detection_exceeds_standard_area (apps.vision.tests.FoamPixelSegmentationTests.test_c
overage_is_capped_when_detection_exceeds_standard_area)
----------------------------------------------------------------------
Traceback (most recent call last):
  File "D:\workspace2\AutomaticOrder\apps\vision\tests.py", line 91, in test_coverage_is_capped_when_detection_exceeds_
standard_area
    self.assertEqual(compute_coverage_ratio(detected, standard), 1.0)
AssertionError: np.float64(4.0) != 1.0

======================================================================
FAIL: test_mm_calibration_reports_offset_without_failing_alignment (apps.vision.tests.FoamPixelSegmentationTests.test_m
m_calibration_reports_offset_without_failing_alignment)
----------------------------------------------------------------------
Traceback (most recent call last):
  File "D:\workspace2\AutomaticOrder\apps\vision\tests.py", line 174, in test_mm_calibration_reports_offset_without_fai
ling_alignment
    self.assertTrue(result['is_aligned'])
AssertionError: False is not true

======================================================================
FAIL: test_javascript_contains_semantic_state_machine_controls (apps.vision.tests.Rack3DWorkbenchStateSourceTests.test_
javascript_contains_semantic_state_machine_controls)
----------------------------------------------------------------------
Traceback (most recent call last):
  File "D:\workspace2\AutomaticOrder\apps\vision\tests.py", line 719, in test_javascript_contains_semantic_state_machin
e_controls
    self.assertIn(marker, script)
AssertionError: 'CFG.locateUrl' not found in '/* ============================================================\n *  3D �
ϼܶ�λ����̨ �� �����߼�\n *  �ɼ����� �� �� ROI �� ����ƫ�� �� ���浽���ݿ�\n *  �μ����� POS/����Զ����ռ��� + ��ʷ��¼\n * =======
===================================================== */\n(function () {\n  const CFG = window.rackLocatorConfig || {};
\n  const $ = (id) => document.getElementById(id);\n  const csrf = () => document.querySelector(\'[name=csrfmiddlewaret
oken]\')?.value || \'\';\n\n  // ���� ����������У�� �������������������������������������������������������������������
���������\n  if (!window.rackLocatorConfig || !CFG.captureUrl) {\n    console.error(\'[rack_locator_workbench] rackLoca
torConfig δ����� captureUrl ȱʧ������ģ���е� <script> �Ƿ����﷨����\');\n  }\n\n  // ���� ����̨״̬ �������������������������
�����������������������������������������������������������\n  const state = {\n    token: null,         // �־û����� to
ken\n    roi: null,           // ��ʵͼ������ ROI {x,y,w,h}\n    drawing: false,\n    start: null,\n    displayRoi: null,
\n    alignmentToken: null,\n    lastResultId: null,\n    lastResultOk: false,\n    currentRecipe: null,\n    pendingRo
i: null,    // ��Ӧ�õ� ROI���ڲɼ�����ǰ���أ�\n    lastResult: null,    // ���һ�μ����������������ݰ�����\n    source: \'\', 
         // ���һ�ε�������Դ\n    captureRecipeId: null,\n    captureLayerNo: null,\n    lastCalculation: null,\n  };\n\n
  // ���� ��¶���� ROI �Ľӿڹ��ⲿ���� ������������������������������������������������\n  window.rackLocatorSetRoi = functi
on(targetRoi) {\n    if (!targetRoi) return;\n    \n    // ����Ѿ��е���ͼ������Ӧ��\n    if (state.token && image.style.di
splay !== \'none\') {\n      state.roi = {\n        x: targetRoi.x,\n        y: targetRoi.y,\n        w: targetRoi.w,\n
        h: targetRoi.h,\n        feature_type: targetRoi.feature_type || \'rack_reference\'\n      };\n      \n      //
 ת��Ϊ��ʾ����\n      const nat = naturalDims();\n      const scaleX = canvas.width / nat.w;\n      const scaleY = canvas
.height / nat.h;\n      state.displayRoi = {\n        x: state.roi.x * scaleX,\n        y: state.roi.y * scaleY,\n     
   w: state.roi.w * scaleX,\n        h: state.roi.h * scaleY,\n      };\n      \n      draw();\n      setReadout();\n  
    setStatus(\'�Ѽ����䷽ ROI����ֱ�ӵ��������ƫ���\');\n      console.log(\'ROI ��Ӧ�õ�����\');\n      syncRoiToRightSide()
;\n    } else {\n      // �����û�е��ƣ����浽��Ӧ��״̬\n      state.pendingRoi = targetRoi;\n      console.log(\'ROI �ѱ��棬�ȴ
����Ʋɼ���Ӧ��\');\n    }\n  };\n\n  // ���� ͬ�� ROI ���Ҳ���ͼ �����������������������������������������������������������
�\n  // NOTE: �Ҳ໭��ֻ�ڼ�����ɣ�renderResult������£��Ա�����һ�εļ�������\n  // ��໭������ʵʱ�����µ� ROI���Ҳ໭����չʾ��ʷ���������
����໥������\n  function syncRoiToRightSide() {\n    // ���ٽ���ǰ ROI ͬ�����Ҳ࣬�Ҳ�ֻ�� renderResult() ���¡�\n    // �������
ǩ���Ա����ƻ����е���������ֱ�� no-op��\n    return;\n  }\n\n\n  // ���� Loading ���� �������������������������������������
���������������������������������������������\n  function showLoading(msg) {\n    if ($(\'rl-loading\')) return;\n    c
onst el = document.createElement(\'div\');\n    el.id = \'rl-loading\';\n    el.innerHTML = `<div class="rl-loading-car
d"><div class="rl-spinner"></div><p>${msg || \'������...\'}</p></div>`;\n    document.body.appendChild(el);\n  }\n  fun
ction hideLoading() { $(\'rl-loading\')?.remove(); }\n\n  async function postJson(url, body, method = \'POST\') {\n    
if (!url || typeof url !== \'string\' || !url.startsWith(\'/\')) {\n      throw new Error(`API URL δ��ȷ���� (ֵΪ: ${url}
)����ˢ��ҳ�����ԣ��������������̨�Ƿ���JS�﷨����`);\n    }\n    const res = await fetch(url, {\n      method: method,\n     
 headers: { \'Content-Type\': \'application/json\', \'X-CSRFToken\': csrf() },\n      body: JSON.stringify(body || {}),
\n    });\n    \n    // �����Ӧ��Content-Type\n    const contentType = res.headers.get(\'content-type\');\n    if (!cont
entType || !contentType.includes(\'application/json\')) {\n      // �������JSON��Ӧ����ȡ�ı��������ڵ���\n      const text
 = await res.text();\n      console.error(\'���������ط�JSON��Ӧ:\', {\n        status: res.status,\n        statusText: 
res.statusText,\n        contentType: contentType,\n        responseText: text.substring(0, 500) // ֻ��¼ǰ500�ַ�\n      
});\n      \n      // �����4xx��5xx�����ṩ�����õĴ�����Ϣ\n      if (!res.ok) {\n        throw new Error(`���������� (${re
s.status}): ${res.statusText}��������URL·�������Ȩ�����⡣`);\n      }\n      \n      throw new Error(\'������������HTMLҳ�
������JSON���ݡ�����API URL�����Ƿ���ȷ��\');\n    }\n    \n    // ��������JSON\n    return res.json();\n  }\n\n  function
 setStatus(text) { const n = $(\'rl-status\'); if (n) n.textContent = text; }\n\n  function apiPayload(data) {\n    if 
(!data || !data.data) return data || {};\n    if (typeof data.data === \'object\' && !Array.isArray(data.data)) {\n    
  return {\n        success: data.success,\n        error: data.error || \'\',\n        ...data.data,\n      };\n    }\
n    return {\n      success: data.success,\n      error: data.error || \'\',\n      data: data.data,\n    };\n  }\n\n 
 function numberInput(id, fallback) {\n    const node = $(id);\n    const value = node ? Number(node.value) : NaN;\n   
 return Number.isFinite(value) ? value : fallback;\n  }\n\n  function currentRackSide() {\n    return $(\'rack-side\')?
.value || \'LEFT\';\n  }\n\n  function currentLayerNo() {\n    return numberInput(\'layer-no-select\', numberInput(\'la
yer-no\', 1));\n  }\n\n  function currentMode() {\n    return $(\'locate-mode\')?.value || \'local\';\n  }\n\n  functio
n currentLocateType() {\n    const typeControl = $(\'locate-type\');\n    if (typeControl) {\n      return typeControl.
value || \'LAYER\';\n    }\n    return String(currentMode()).toLowerCase() === \'global\' ? \'GLOBAL\' : \'LAYER\';\n  
}\n\n  function currentLayerIndex() {\n    const indexControl = $(\'layer-index\');\n    if (indexControl) {\n      ret
urn Number(indexControl.value) || 1;\n    }\n    return currentLocateType() === \'GLOBAL\' ? 0 : currentLayerNo();\n  }
\n\n  // ͬ���¾ɿؼ�\n  function syncControls() {\n    const locateType = currentLocateType();\n    const layerIndex = cur
rentLayerIndex();\n    \n    // ͬ�����ɿؼ�\n    if ($(\'locate-mode\')) {\n      $(\'locate-mode\').value = locateType =
== \'GLOBAL\' ? \'global\' : \'local\';\n    }\n    if ($(\'layer-no\')) {\n      $(\'layer-no\').value = layerIndex;\n
    }\n    if ($(\'layer-no-select\')) {\n      $(\'layer-no-select\').value = layerIndex;\n    }\n    \n    // ͬ�����¿
ؼ�\n    if ($(\'locate-type\')) {\n      $(\'locate-type\').value = locateType;\n    }\n    if ($(\'layer-index\')) {\n
      $(\'layer-index\').value = layerIndex;\n    }\n  }\n\n  function semanticPayload(extra) {\n    return {\n      lo
cate_type: currentLocateType(),\n      layer_index: currentLayerIndex(),\n      layer_no: currentLayerIndex(),\n      .
..(extra || {}),\n    };\n  }\n\n  function setButton(id, enabled) {\n    const node = $(id);\n    if (node) node.disab
led = !enabled;\n  }\n\n  function refreshActionState() {\n    setButton(\'btn-capture\', true);\n    setButton(\'btn-r
edraw\', Boolean(state.token));\n    setButton(\'btn-calculate\', Boolean(state.token));\n    setButton(\'btn-auto-alig
n\', Boolean(state.token));\n    setButton(\'btn-save-roi\', Boolean(state.alignmentToken));\n    setButton(\'btn-write
-plc\', Boolean(state.lastResultId && state.lastResultOk));\n    setButton(\'btn-export-package\', Boolean(state.token)
);\n  }\n\n  async function refreshCurrentRecipe() {\n    if (!CFG.currentRecipeUrl) return;\n    try {\n      const qu
ery = new URLSearchParams({\n        locate_type: currentLocateType(),\n        layer_index: String(currentLayerIndex()
),\n      });\n      const res = await fetch(`${CFG.currentRecipeUrl}?${query.toString()}`);\n      const data = apiPay
load(await res.json());\n      const recipe = data.recipe || null;\n      state.currentRecipe = recipe;\n      if (reci
pe && recipe.id && $(\'recipe-id\')) {\n        $(\'recipe-id\').value = recipe.id;\n      }\n    } catch (e) {\n      
state.currentRecipe = null;\n    }\n  }\n\n  function currentRoi3D() {\n    return {\n      x_min: numberInput(\'roi-x-
min\', -100),\n      x_max: numberInput(\'roi-x-max\', 100),\n      y_min: numberInput(\'roi-y-min\', -100),\n      y_m
ax: numberInput(\'roi-y-max\', 100),\n      z_min: numberInput(\'roi-z-min\', -100),\n      z_max: numberInput(\'roi-z-
max\', 100),\n    };\n  }\n\n  // ���� ѡ���䷽�Ĳ�������׼���꣩ ����������������������\n  // �·������䷽ѡ���Ϊ��Ƭ��������ݴ���� 
.rl-recipe-card.selected �� dataset ��\n  function selectedCardData() {\n    const card = document.querySelector(\'.rl-
recipe-card.selected\');\n    return card ? card.dataset : null;\n  }\n  function currentRecipeData() {\n    // ���ȴ���
�����ȡ���°� UI��\n    const select = document.getElementById(\'recipe-select\');\n    if (select && select.selectedInde
x >= 0) {\n      const option = select.options[select.selectedIndex];\n      if (option && option.value) {\n        ret
urn {\n          standard_x: Number(option.dataset.sx || 0),\n          standard_y: Number(option.dataset.sy || 0),\n  
        standard_z: Number(option.dataset.sz || 0),\n          layer_no: Number(option.dataset.layer || 1),\n          
position_no: Number(option.dataset.pos || 1),\n          locate_type: currentLocateType(),\n          layer_index: curr
entLayerIndex()\n        };\n      }\n    }\n\n    // ���˵��ɵĿ�Ƭ��ȡ��ʽ\n    const d = selectedCardData();\n    const da
ta = { layer_no: currentLayerIndex(), locate_type: currentLocateType(), layer_index: currentLayerIndex() };\n    if (d)
 {\n      data.standard_x = Number(d.sx || 0);\n      data.standard_y = Number(d.sy || 0);\n      data.standard_z = Num
ber(d.sz || 0);\n    }\n    return data;\n  }\n\n\n\n  // ���� �Զ����ز���ʾ�䷽ ROI ��������������������������������������
��������������������\n  function normalizePixelRoi(targetRoi) {\n    if (!targetRoi) return null;\n    const roi = {\n 
     x: Number(targetRoi.x),\n      y: Number(targetRoi.y),\n      w: Number(targetRoi.w),\n      h: Number(targetRoi.h
),\n      feature_type: targetRoi.feature_type || \'rack_reference\',\n    };\n    if (![roi.x, roi.y, roi.w, roi.h].ev
ery(Number.isFinite) || roi.w <= 0 || roi.h <= 0) {\n      return null;\n    }\n    return roi;\n  }\n\n  function appl
yPixelRoi(targetRoi) {\n    const roi = normalizePixelRoi(targetRoi);\n    if (!roi || !state.token || !image.src || im
age.style.display === \'none\') return false;\n\n    const nat = naturalDims();\n    if (!nat.w || !nat.h || !canvas.wi
dth || !canvas.height) return false;\n\n    state.roi = roi;\n    state.displayRoi = {\n      x: roi.x * canvas.width /
 nat.w,\n      y: roi.y * canvas.height / nat.h,\n      w: roi.w * canvas.width / nat.w,\n      h: roi.h * canvas.heigh
t / nat.h,\n    };\n    draw();\n    setReadout();\n    syncRoiToRightSide();\n    setButton(\'btn-calculate\', true);\
n    return true;\n  }\n\n  async function recipePixelRoi(recipeId) {\n    if (!recipeId) return null;\n    const res =
 await fetch(`/vision/api/vision/3d/recipes/${encodeURIComponent(recipeId)}/`);\n    \n    const contentType = res.head
ers.get(\'content-type\');\n    if (!contentType || !contentType.includes(\'application/json\')) {\n       console.erro
r(\'recipePixelRoi returned non-JSON:\', res.status);\n       throw new Error(`��ȡ3D�䷽ʧ�ܣ������������˷�JSON���� (HTTP $
{res.status})`);\n    }\n    \n    if (!res.ok) throw new Error(`��ȡ3D�䷽ʧ�ܣ�HTTP ${res.status}��`);\n    const data = a
piPayload(await res.json());\n    if (!data.success) throw new Error(data.error || \'��ȡ3D�䷽ʧ��\');\n    const recipe =
 data.recipe || null;\n    return normalizePixelRoi(recipe?.roi_config?.target_roi || recipe?.roi_info?.target_roi);\n 
 }\n\n  /** �ڵ���ͼ���Ѿ����ص�������Ӧ�����ݰ���3D�䷽�е�2D ROI�� */\n  async function autoLoadAndShowRecipeRoi({ recipeId, t
argetRoi, source = \'�䷽\' } = {}) {\n    const token = state.token;\n    if (!token || !image.src || image.style.displa
y === \'none\') return false;\n\n    try {\n      const roi = normalizePixelRoi(targetRoi) || await recipePixelRoi(reci
peId);\n      // �ȴ��ӿ��ڼ�����ּ�������һ֡���� ROI ���ٸ����»�����\n      if (state.token !== token) return false;\n      
if (!roi) {\n        setStatus(\'�����Ѽ��أ�����ǰ3D�䷽ROI�޷�ͶӰ��ͼ�������������ROI��\');\n        return false;\n      }\n
      if (!applyPixelRoi(roi)) return false;\n\n      state.pendingRoi = null;\n      window.tempPendingRoi = null;\n  
    setStatus(`${source}2D ROI ���Զ���ʾ (${roi.w}��${roi.h})����ֱ�Ӽ���ƫ�`);\n      console.log(`[�Զ�ROI] �Ѵ�${source}�
���2D ROI`, roi);\n      return true;\n    } catch (e) {\n      console.warn(\'[�Զ�ROI] ����ʧ�ܣ�\', e);\n      setStatu
s(\'�����Ѽ��أ���3D�䷽ROIͶӰʧ�ܣ������䷽���ꡣ\');\n      return false;\n    }\n  }\n\n  function afterPreviewLoaded(callback)
 {\n    const expectedSrc = image.src;\n    const run = () => {\n      if (image.src !== expectedSrc || !image.naturalW
idth) return;\n      const schedule = window.requestAnimationFrame || ((fn) => setTimeout(fn, 0));\n      schedule(() =
> {\n        if (image.src !== expectedSrc) return;\n        resizeCanvas();\n        callback();\n      });\n    };\n 
   if (image.complete && image.naturalWidth > 0) run();\n    else image.addEventListener(\'load\', run, { once: true })
;\n  }\n\n  // ���� ���� / ROI ��������������������������������������������������������������������������������������\n
  const image = $(\'rl-depth-image\');\n  const canvas = $(\'rl-canvas\');\n  const ctx = canvas.getContext(\'2d\');\n\
n  function resizeCanvas() {\n    const rect = image.getBoundingClientRect();\n    canvas.width = Math.max(1, Math.roun
d(rect.width));\n    canvas.height = Math.max(1, Math.round(rect.height));\n    draw();\n  }\n\n  function draw() {\n  
  ctx.clearRect(0, 0, canvas.width, canvas.height);\n    const roi = state.displayRoi;\n    if (!roi) return;\n    ctx.
save();\n    ctx.strokeStyle = \'#22c55e\';\n    ctx.lineWidth = 3;\n    ctx.setLineDash([8, 4]);\n    ctx.strokeRect(r
oi.x, roi.y, roi.w, roi.h);\n    ctx.fillStyle = \'rgba(34,197,94,0.16)\';\n    ctx.fillRect(roi.x, roi.y, roi.w, roi.h
);\n    ctx.fillStyle = \'#22c55e\';\n    ctx.font = \'14px sans-serif\';\n    ctx.fillText(\'target ROI\', roi.x + 8, 
Math.max(18, roi.y + 18));\n    ctx.restore();\n  }\n\n  function pointerToCanvas(e) {\n    const rect = canvas.getBoun
dingClientRect();\n    return {\n      x: Math.max(0, Math.min(canvas.width, e.clientX - rect.left)),\n      y: Math.ma
x(0, Math.min(canvas.height, e.clientY - rect.top)),\n    };\n  }\n  function naturalDims() {\n    return {\n      w: i
mage.naturalWidth || Number(image.dataset.naturalWidth) || canvas.width,\n      h: image.naturalHeight || Number(image.
dataset.naturalHeight) || canvas.height,\n    };\n  }\n  function displayToReal(d) {\n    const n = naturalDims();\n   
 const sx = n.w / canvas.width, sy = n.h / canvas.height;\n    return { x: Math.round(d.x * sx), y: Math.round(d.y * sy
), w: Math.round(d.w * sx), h: Math.round(d.h * sy) };\n  }\n  function setReadout() {\n    const n = $(\'rl-roi-readou
t\');\n    if (!n) return;\n    if (!state.roi) { n.textContent = \'��ק���� ROI\'; return; }\n    const r = state.roi;\
n    n.textContent = `ROI  x=${r.x}  y=${r.y}  w=${r.w}  h=${r.h}`;\n  }\n\n  canvas.addEventListener(\'mousedown\', (e
) => {\n    if (!state.token) return;\n    state.drawing = true;\n    state.start = pointerToCanvas(e);\n    state.disp
layRoi = { x: state.start.x, y: state.start.y, w: 0, h: 0 };\n    draw();\n  });\n  canvas.addEventListener(\'mousemove
\', (e) => {\n    if (!state.drawing || !state.start) return;\n    const c = pointerToCanvas(e);\n    state.displayRoi 
= {\n      x: Math.min(state.start.x, c.x), y: Math.min(state.start.y, c.y),\n      w: Math.abs(c.x - state.start.x), h
: Math.abs(c.y - state.start.y),\n    };\n    draw();\n  });\n  window.addEventListener(\'mouseup\', () => {\n    if (!
state.drawing || !state.displayRoi) return;\n    state.drawing = false;\n    state.start = null;\n    if (state.display
Roi.w < 3 || state.displayRoi.h < 3) { state.displayRoi = null; draw(); return; }\n    const real = displayToReal(state
.displayRoi);\n    state.roi = { x: real.x, y: real.y, w: real.w, h: real.h, feature_type: \'rack_reference\' };\n    s
etReadout();\n    syncRoiToRightSide();\n    refreshActionState();\n    \n    // �Զ����������굽�䷽��\n    autoSaveRoiToRe
cipe();\n  });\n\n  // ���� �ɼ����� �����������������������������������������������������������������������������������
�������\n  $(\'btn-capture\').addEventListener(\'click\', async () => {\n    showLoading(\'3D ����ɼ���...\');\n    try 
{\n      // ����ʹ�ù���̨ר�ö˵�\n      const captureApiUrl = CFG.captureUrl || CFG.legacyCaptureUrl || \'/vision/api/rack-
location/workbench/capture/\';\n      console.log(\'[�ɼ�����] ʹ��API�˵�:\', captureApiUrl);\n      \n      const raw = 
await postJson(captureApiUrl, semanticPayload({\n        recipe_id: $(\'recipe-id\').value || null,\n        rack_side:
 currentRackSide(),\n      }));\n      const data = apiPayload(raw);\n      if (!data.success) { setStatus(data.error |
| \'�ɼ�ʧ��\'); return; }\n      state.token = data.pointcloud_token;\n      state.source = data.source || \'\';\n      
state.captureRecipeId = $(\'recipe-id\').value || null;\n      state.captureLayerNo = currentLayerIndex();\n      state
.alignmentToken = null;\n      state.lastResultId = null;\n      state.lastResultOk = false;\n      state.roi = null; s
tate.displayRoi = null;\n      const previewUrl = data.pointcloud_preview_url || data.preview_image_url;\n      if (pre
viewUrl) {\n        const urlWithTime = previewUrl + \'?t=\' + Date.now();\n        image.src = urlWithTime;\n        /
/ �Ҳ�����������һ�εļ�����ͼ�����ڲɼ�ʱ���ǡ�\n        // �Ҳ���� renderResult() ���ɺ�˷��ص� result_image_url ���¡�\n      }\n 
     image.dataset.naturalWidth = data.image_width;\n      image.dataset.naturalHeight = data.image_height;\n      imag
e.style.display = \'block\';\n      canvas.style.display = \'block\';\n      $(\'rl-placeholder\').style.display = \'no
ne\';\n      $(\'rl-roi-readout\').style.display = \'block\';\n      $(\'rl-source\').textContent = \'����Դ \' + (data.
source || \'��\');\n      setReadout();\n      // �Ҳ������޽��ͼ����ʾռλ��ʾ�������ϴν��ͼ���������\n      if (!$(\'rl-result
-img\').src || $(\'rl-result-img\').style.display === \'none\') {\n        if ($(\'rl-result-ph\')) $(\'rl-result-ph\')
.style.display = \'block\';\n        $(\'rl-result-img\').style.display = \'none\';\n      } else {\n        // ���Ҳ���
��������ʾ�Ҳ���ʾ������һ�ν��\n        const saveStatus = $(\'record-save-status\');\n        if (saveStatus && !saveStatu
s.textContent.includes(\'���Զ�����\')) {\n          saveStatus.className = \'badge badge-muted\';\n          saveStatus
.textContent = \'�Ҳ�Ϊ�ϴν�����������ƫ������\';\n        }\n      }\n      \n      // ����ͼ������������ɺ��ٶ�ȡ���βɼ�����3D
�䷽��2D ROI��\n      if (data.roi_projection_error) console.warn(\'[�Զ�ROI] 3D ROIͶӰ��ʾ��\', data.roi_projection_error);
\n      afterPreviewLoaded(() => autoLoadAndShowRecipeRoi({\n        recipeId: state.captureRecipeId,\n        targetRo
i: data.recipe_pixel_roi,\n        source: data.recipe_pixel_roi ? \'�䷽3D ROI\' : \'�䷽\',\n      }));\n      \n      if
 (data.source && data.source.indexOf(\'sample\') === 0) {\n        setStatus(\'\u26a0 δȡ����ʵ������ݣ��ѻ���ģ�����\'\n   
       + (data.fallback_reason ? \'��\' + data.fallback_reason : \'�����δ���ӣ�\')\n          + \'������������Ӻ����ԡ�\')
;\n      } else {\n        setStatus(\'�����Ѳɼ������ڼ����䷽ ROI...\');\n      }\n    } catch (e) {\n      setStatus(\'��
������ʧ�ܣ�\' + e.message);\n    } finally { hideLoading(); refreshActionState(); }\n  });\n\n  $(\'btn-redraw\').addEve
ntListener(\'click\', () => {\n    state.roi = null; state.displayRoi = null;\n    state.alignmentToken = null;\n    dr
aw(); setReadout();\n    setStatus(\'��������ק���� ROI��\');\n    refreshActionState();\n  });\n\n  $(\'btn-auto-align\
')?.addEventListener(\'click\', async () => {\n    if (!state.token) { setStatus(\'���Ȳɼ����ơ�\'); return; }\n    showL
oading(\'�Զ������ϼ�����ϵ...\');\n    try {\n      const raw = await postJson(CFG.autoAlignUrl, semanticPayload({\n     
   pointcloud_token: state.token,\n        recipe_id: $(\'recipe-id\')?.value || null,\n      }));\n      const data = 
apiPayload(raw);\n      if (!data.success) { setStatus(data.error || \'�Զ�����ʧ��\'); return; }\n      state.alignmentT
oken = data.aligned_pointcloud_token || state.token;\n      setStatus(\'�Զ�������ɣ����Ա��浱ǰ 3D ROI��\');\n    } catch (
e) {\n      setStatus(\'�Զ�����ʧ�ܣ�\' + e.message);\n    } finally {\n      hideLoading();\n      refreshActionState();
\n    }\n  });\n\n  $(\'btn-save-roi\')?.addEventListener(\'click\', async () => {\n    if (!state.alignmentToken) { se
tStatus(\'����ִ���Զ����롣\'); return; }\n    const roi = currentRoi3D();\n    showLoading(\'���� 3D ROI...\');\n    try 
{\n      const raw = await postJson(CFG.saveRoiUrl, semanticPayload({\n        recipe_id: $(\'recipe-id\')?.value || nu
ll,\n        roi_name: currentLocateType() === \'GLOBAL\' ? \'ȫ�� ROI\' : `�� ${currentLayerIndex()} �� ROI`,\n        
alignment_token: state.alignmentToken,\n        aligned_pointcloud_token: state.alignmentToken,\n        ...roi,\n     
 }));\n      const data = apiPayload(raw);\n      setStatus(data.success ? \'3D ROI �ѱ��沢���á�\' : (data.error || \'���
� ROI ʧ��\'));\n    } catch (e) {\n      setStatus(\'���� ROI ʧ�ܣ�\' + e.message);\n    } finally {\n      hideLoading(
);\n      refreshActionState();\n    }\n  });\n\n  $(\'btn-write-plc\')?.addEventListener(\'click\', async () => {\n   
 if (!state.lastResultId || !state.lastResultOk) {\n      setStatus(\'ֻ�ж�λ�ɹ��Ľ��������д�� PLC��\');\n      return;\n 
   }\n    showLoading(\'д�� PLC ����ֵ...\');\n    try {\n      const raw = await postJson(CFG.writePlcUrl, { result_id:
 state.lastResultId });\n      const data = apiPayload(raw);\n      setStatus(data.success ? \'PLC ����ֵд��ɹ���\' : (da
ta.error || \'PLC д��ʧ��\'));\n    } catch (e) {\n      setStatus(\'PLC д��ʧ�ܣ�\' + e.message);\n    } finally {\n     
 hideLoading();\n      refreshActionState();\n    }\n  });\n\n  async function fetchRecentResults() {\n    if (!CFG.res
ults3dUrl) return [];\n    const query = new URLSearchParams({\n      locate_type: currentLocateType(),\n      layer_in
dex: String(currentLayerIndex()),\n    });\n    const res = await fetch(`${CFG.results3dUrl}?${query.toString()}`);\n  
  const data = apiPayload(await res.json());\n    return data.results || [];\n  }\n\n  // btn-production-locate �Ѻϲ����
���ʼ���㡶�����ٵ����󶨡�\n\n  // ���� ����ƫ�� ����������������������������������������������������������������������������
��������������\n  $(\'btn-calculate\').addEventListener(\'click\', async () => {\n    if (!state.token) { setStatus(\'�
��Ȳɼ����ơ�\'); return; }\n    showLoading(\'��������ƫ����...\');\n    try {\n      // ����ʹ�ù���̨ר�ö˵�\n      const cal
culateApiUrl = CFG.calculateUrl || CFG.legacyCalculateUrl || CFG.testLocateUrl || \'/vision/api/rack-location/workbench
/calculate/\';\n      console.log(\'[����ƫ��] ʹ��API�˵�:\', calculateApiUrl);\n\n      const calculation = {\n        p
ointcloud_token: state.token,\n        roi: currentRoi3D(),\n        roi_3d: currentRoi3D(),\n        roi_config: { tar
get_roi: state.roi },\n        rack_side: currentRackSide(),\n        recipe_id: $(\'recipe-id\').value || null,\n     
   recipe_data: currentRecipeData(),\n        save_record: true,\n        auto_extract_corners: true,\n        algorith
m_version: \'RECTANGLE_CORNERS_AUTO_V2\',\n      };\n      const raw = await postJson(calculateApiUrl, semanticPayload(
calculation));\n      const data = apiPayload(raw);\n      if (!data.success) { setStatus(data.error || \'����ʧ��\'); r
eturn; }\n      state.lastCalculation = calculation;\n      state.lastResultId = data.result?.result_id || data.result?
.id || null;\n      renderResult(data.result);\n      const saveStatus = $(\'record-save-status\');\n      if (saveStat
us) {\n        saveStatus.className = \'badge badge-ok\';\n        saveStatus.textContent = state.lastResultId\n       
   ? `\u2705 ���Զ������¼ #${state.lastResultId}`\n          : \'\u2705 ���Զ������¼\';\n      }\n      const lastTime = 
$(\'last-time\');\n      if (lastTime) {\n        lastTime.textContent = \'�ϴμ��㣺\' + new Date().toLocaleString(\'zh-CN
\', { hour12: false });\n      }\n      setStatus(data.result.locate_ok\n        ? \'������ɣ���λ OK������3D��¼���Զ����档
\'\n        : (\'������ɣ���λ NG������3D��¼���Զ����� �� \' + (data.result.error_message || data.result.error_code || \'\
')));\n      \n      // ������ɺ��Զ�ѡ����һ���䷽\n      selectNextRecipe();\n    } catch (e) {\n      setStatus(\'��������
ʧ�ܣ�\' + e.message);\n    } finally { hideLoading(); }\n  });\n\n  // ���� �Զ����� ROI ���䷽ ���������������������������
�����������������������������������������\n  async function autoSaveRoiToRecipe() {\n    const recipeId = $(\'recipe-id
\')?.value;\n    if (!recipeId) return;\n    if (!state.roi) return;\n    \n    // showLoading(\'�Զ�������������...\');
 // Ϊ������˳�������Բ���ʾȫ�� loading��ֱ���� status ��ʾ\n    setStatus(\'�����Զ����� ROI ���굽�䷽...\');\n    try {\n      
const currentRecipe = currentRecipeData() || {};\n      const newRoiConfig = Object.assign({}, currentRecipe.roi_config
 || {}, { target_roi: state.roi });\n      \n      const payload = {\n        id: recipeId,\n        roi_config: newRoi
Config\n      };\n      \n      const raw = await postJson(\'/vision/api/vision/3d/recipes/\', semanticPayload(payload)
, \'PATCH\');\n      const data = apiPayload(raw);\n      if (!data.success) { setStatus(data.error || \'�Զ�����ʧ��\');
 return; }\n      \n      setStatus(\'\u2705 �µ� ROI �������Զ����浽�䷽���ɵ��������ƫ���\');\n      \n      // ���±���״̬\n
      if (state.lastCalculation && state.lastCalculation.recipe_data) {\n        state.lastCalculation.recipe_data.roi_
config = newRoiConfig;\n      }\n    } catch (e) {\n      setStatus(\'�Զ���������ʧ�ܣ�\' + e.message);\n    }\n  }\n\n  
// ���� �Զ�ѡ����һ���䷽ ��������������������������������������������������������������������\n  function selectNextRecipe
() {\n    const select = document.getElementById(\'recipe-select\');\n    if (!select || select.options.length === 0) r
eturn;\n    \n    const currentIndex = select.selectedIndex;\n    let nextIndex = currentIndex + 1;\n    \n    // ����Ѿ
������һ����ѭ���ص���һ��\n    if (nextIndex >= select.options.length) {\n      nextIndex = 0;\n    }\n    \n    // ������
ѡ�����еĻ���\n    while (nextIndex < select.options.length && !select.options[nextIndex].value) {\n      nextIndex++;\n
      if (nextIndex >= select.options.length) {\n        nextIndex = 0;\n        break;\n      }\n    }\n    \n    // �
���������ѡ��\n    if (select.options[nextIndex] && select.options[nextIndex].value) {\n      const fromName = select.op
tions[currentIndex].text.trim();\n      const toName = select.options[nextIndex].text.trim();\n      \n      select.sel
ectedIndex = nextIndex;\n      // ����change�¼���Ӧ���䷽\n      select.dispatchEvent(new Event(\'change\'));\n      \n   
   console.log(`���Զ�ѡ����һ���䷽��${toName}`);\n      \n      // ��ʾ��ʾ��Ϣ\n      const statusSpan = document.getElement
ById(\'recipe-switch-status\');\n      if (statusSpan) {\n        statusSpan.textContent = `\u2705 ������ɣ����Զ��л���${
fromName} �� ${toName}`;\n        statusSpan.style.color = \'#059669\';\n        statusSpan.style.fontWeight = \'700\';
\n        \n        // 3���ָ�ԭ��\n        setTimeout(() => {\n          statusSpan.textContent = \'\';\n        }, 3000
);\n      }\n    }\n  }\n\n  // ����ӿڻ�ͬ���������ͼ�����ͼ�� ROI ���գ�������ε����\n\n  // ���� ��Ⱦ��� �������������������
�����������������������������������������������������������������������\n  function renderResult(r) {\n    state.lastRe
sult = r || null;\n    const ok = r.locate_ok ?? r.is_success;\n    state.lastResultOk = Boolean(ok);\n    const v = $(
\'rl-verdict\');\n    v.className = \'rl-verdict \' + (ok ? \'ok\' : \'fail\');\n    $(\'rl-verdict-icon\').textContent
 = ok ? \'\u2705\' : \'\u274c\';\n    $(\'rl-verdict-text\').textContent = ok ? \'��λ OK\' : \'��λ NG �� ��˲�\';\n    $
(\'rl-verdict-sub\').textContent = ok ? \'�������\' : (r.error_message || r.error_code || \'�����쳣\');\n\n    setOffset
(\'x\', r.final_offset_x ?? r.offset_x, null);\n    setOffset(\'y\', r.final_offset_y ?? r.offset_y, null);\n    setOff
set(\'z\', r.final_offset_z ?? r.offset_z, null);\n    setOffset(\'rz\', r.final_offset_rz ?? r.offset_rz, null);\n\n  
  const conf = Number(r.confidence || 0);\n    const bar = $(\'conf-bar\'), lab = $(\'conf-val\');\n    bar.style.width
 = Math.min(100, conf * 100) + \'%\';\n    bar.className = \'rl-conf-fill \' + (conf >= 0.8 ? \'high\' : conf >= 0.7 ? 
\'mid\' : \'low\');\n    lab.textContent = (conf * 100).toFixed(1) + \'%\';\n\n    if (r.result_image_url) {\n      $(\
'rl-result-img\').src = r.result_image_url + \'?t=\' + Date.now();\n      $(\'rl-result-img\').style.display = \'block\
';\n      $(\'rl-result-ph\').style.display = \'none\';\n    }\n\n    const meta = r.result_data || {};\n    const actX
 = Number(r.actual_x || 0);\n    const actY = Number(r.actual_y || 0);\n    const actZ = Number(r.actual_z || 0);\n    
\n    // ���±�׼ֵ���ӵ�ǰѡ�е��䷽�л�ȡ��\n    const recipeData = currentRecipeData();\n    if ($(\'d-sx\')) $(\'d-sx\').textC
ontent = (recipeData.standard_x || 0).toFixed(2);\n    if ($(\'d-sy\')) $(\'d-sy\').textContent = (recipeData.standard_
y || 0).toFixed(2);\n    if ($(\'d-sz\')) $(\'d-sz\').textContent = (recipeData.standard_z || 0).toFixed(2);\n\n    // 
����ʵ��ֵ\n    if ($(\'d-ax\')) $(\'d-ax\').textContent = actX.toFixed(2);\n    if ($(\'d-ay\')) $(\'d-ay\').textContent
 = actY.toFixed(2);\n    if ($(\'d-az\')) $(\'d-az\').textContent = actZ.toFixed(2);\n\n\n    $(\'d-points\').textConte
nt = meta.valid_point_count ?? meta.point_count ?? \'��\';\n\n    const rectangle = r.opening_rectangle || meta.opening
_rectangle;\n    const algorithmVersion = r.algorithm_version || meta.algorithm_version || \'MEDIAN_V1\';\n    const is
RectangleAlgorithm = [\'RECTANGLE_CORNERS_V2\', \'RECTANGLE_CORNERS_AUTO_V2\'].includes(algorithmVersion);\n    if ($(\
'rl-algorithm-note\')) {\n      $(\'rl-algorithm-note\').textContent = algorithmVersion === \'RECTANGLE_CORNERS_AUTO_V2
\'\n        ? \'�㷨��ROI ����ı��Զ���ȡ V2��P5 �� P1��P4 ��˼��㣩\'\n        : algorithmVersion === \'RECTANGLE_CORNERS_V2\'
\n          ? \'�㷨�������ı���� V2��P5 �� P1��P4 ��˼��㣩\'\n        : \'�㷨����ʷ��λ�� V1���ý�������� P1��P5��\';\n    }\n 
   if (rectangle && rectangle.points && rectangle.center) {\n      [\'p1\', \'p2\', \'p3\', \'p4\'].forEach((key) => {\
n        const point = rectangle.points[key] || {};\n        [\'x\', \'y\', \'z\'].forEach((axis) => {\n          const
 node = $(\'v2-\' + key + \'-\' + axis);\n          if (node) node.textContent = Number(point[axis]).toFixed(3);\n     
   });\n      });\n      [\'x\', \'y\', \'z\'].forEach((axis) => {\n        const node = $(\'v2-p5-\' + axis);\n       
 if (node) node.textContent = Number(rectangle.center[axis]).toFixed(3);\n      });\n      const geometry = rectangle.g
eometry || {};\n      const quality = rectangle.quality || {};\n      if ($(\'v2-width\')) $(\'v2-width\').textContent 
= Number(geometry.width_mm || 0).toFixed(3);\n      if ($(\'v2-height\')) $(\'v2-height\').textContent = Number(geometr
y.height_mm || 0).toFixed(3);\n      const metricText = (value) => value == null || !Number.isFinite(Number(value)) ? \
'��\' : Number(value).toFixed(3);\n      if ($(\'v2-plane-rmse\')) $(\'v2-plane-rmse\').textContent = metricText(qualit
y.plane_rmse_mm);\n      if ($(\'v2-rectangle-fit-rmse\')) $(\'v2-rectangle-fit-rmse\').textContent = metricText(qualit
y.rectangle_fit_rmse_mm);\n      if ($(\'v2-result-state\')) {\n        $(\'v2-result-state\').textContent = rectangle.
reference_mode === \'roi_auto_only\'\n          ? \'�Ѵӵ�ǰ ROI �Զ���ȡʵ���ı߲���� P1��P4��P5 Ϊ�Ľ��������ġ���׼�ĵ�δ���ã���Ӱ�
���������\'\n          : \'�Ѵӵ�ǰ ROI �Զ���ȡʵ�忪���Ľ� P1��P4��P5 Ϊ��˸����ĽǼ���ľ������ġ�\';\n        $(\'v2-result-state\'
).style.background = \'#dcfce7\';\n        $(\'v2-result-state\').style.color = \'#166534\';\n      }\n      $(\'rl-v2-
detail\').style.display = \'block\';\n    } else {\n      [\'p1\', \'p2\', \'p3\', \'p4\', \'p5\'].forEach((key) => {\n
        [\'x\', \'y\', \'z\'].forEach((axis) => {\n          const node = $(\'v2-\' + key + \'-\' + axis);\n          i
f (node) node.textContent = \'��\';\n        });\n      });\n      [\'v2-width\', \'v2-height\', \'v2-plane-rmse\', \'v
2-rectangle-fit-rmse\'].forEach((id) => {\n        if ($(id)) $(id).textContent = \'��\';\n      });\n      if ($(\'v2-
result-state\')) {\n        let stateMsg;\n        if (isRectangleAlgorithm) {\n          const msg = r.error_message |
| r.error_code || \'\';\n          // ����Ƿ��������������ʾ\n          const hMatch = msg.match(/ˮƽ�߲���[��(]��ǰ(\\d+)/)
;\n          const vMatch = msg.match(/��ֱ�߲���[��(]��ǰ(\\d+)/);\n          if (vMatch && parseInt(vMatch[1]) < 2) {\n 
           stateMsg = `\u26a0 ��/�ұ�Ե���ʧ�ܣ���ǰ��ֱ��${vMatch[1]}����\\n\U0001f4a1 �����»� ROI��ȷ����ס�ϼܿ��ڵ������������
�����ROI ����ֻ��һ����������Ҫͬʱ�����������ߡ�`;\n          } else if (hMatch && parseInt(hMatch[1]) < 2) {\n            s
tateMsg = `\u26a0 ��/�±�Ե���ʧ�ܣ���ǰˮƽ��${hMatch[1]}����\\n\U0001f4a1 �����»� ROI��ȷ����ס�ϼܿ��ڵ����º�����`;\n          }
 else {\n            stateMsg = `\u26a0 �Զ���ȡδ�õ���㣺${msg || \'���� ROI ������ס�ϼܿ����ıߣ���/��/��/�ң�\'}`;\n          
}\n        } else {\n          stateMsg = \'��������ǰ�������λ�� V1 ��ʷ����������� P1��P5�����»� ROI �������\U0001f3af �
�ʼ���㡹�������ɡ�\';\n        }\n        $(\'v2-result-state\').textContent = stateMsg;\n        $(\'v2-result-state\').s
tyle.background = \'#fef3c7\';\n        $(\'v2-result-state\').style.color = \'#92400e\';\n        $(\'v2-result-state\
').style.whiteSpace = \'pre-line\';\n      }\n      $(\'rl-v2-detail\').style.display = \'block\';\n    }\n\n    $(\'rl
-detail\').style.display = \'flex\';\n\n    // ���ʾ��ͼ\n    const rectangle2 = r.opening_rectangle || (r.result_data ||
 {}).opening_rectangle;\n    if (rectangle2 && rectangle2.points && rectangle2.center) {\n      drawV2Points(rectangle2
);\n    } else {\n      const wrap = $(\'rl-v2-canvas-wrap\');\n      if (wrap) wrap.style.display = \'none\';\n    }\n
\n    refreshActionState();\n  }\n\n\n  function setOffset(axis, val, limit) {\n    const cell = $(\'cell-\' + axis), e
l = $(\'off-\' + axis);\n    const num = parseFloat(val);\n    el.textContent = isNaN(num) ? \'��\' : (num > 0 ? \'+\' 
: \'\') + num.toFixed(2);\n    cell.classList.remove(\'positive\', \'negative\', \'zero\', \'out\');\n    if (isNaN(num
)) return;\n    if (limit != null && Math.abs(num) > limit) cell.classList.add(\'out\');\n    else if (Math.abs(num) < 
0.01) cell.classList.add(\'zero\');\n    else if (num > 0) cell.classList.add(\'positive\');\n    else cell.classList.a
dd(\'negative\');\n  }\n\n\n  // ���� P1��P5 ��� Canvas ʾ��ͼ ����������������������������������������������������������
��\n  function drawV2Points(rectangle) {\n    const wrap = $(\'rl-v2-canvas-wrap\');\n    const cv = $(\'v2-points-canv
as\');\n    if (!wrap || !cv) return;\n\n    const pts = rectangle.points || {};\n    const center = rectangle.center |
| {};\n    const labeledPoints = [\n      { key: \'p1\', label: \'P1����\', x: Number(pts.p1?.x || 0), z: Number(pts.p1
?.z || 0) },\n      { key: \'p2\', label: \'P2����\', x: Number(pts.p2?.x || 0), z: Number(pts.p2?.z || 0) },\n      { 
key: \'p3\', label: \'P3����\', x: Number(pts.p3?.x || 0), z: Number(pts.p3?.z || 0) },\n      { key: \'p4\', label: \'
P4����\', x: Number(pts.p4?.x || 0), z: Number(pts.p4?.z || 0) },\n      { key: \'p5\', label: \'P5����\', x: Number(ce
nter?.x || 0), z: Number(center?.z || 0) },\n    ];\n\n    // ����߽�ӱ߾�\n    const xs = labeledPoints.map((p) => p.x);\
n    const zs = labeledPoints.map((p) => p.z);\n    const xMin = Math.min(...xs), xMax = Math.max(...xs);\n    const zM
in = Math.min(...zs), zMax = Math.max(...zs);\n    const xRange = (xMax - xMin) || 1;\n    const zRange = (zMax - zMin)
 || 1;\n    const PAD = 48;\n\n    // ���� canvas �ߴ�\n    const W = cv.offsetWidth || 320;\n    const H = Math.max(180
, Math.round(W * zRange / xRange) + PAD * 2);\n    cv.width = W;\n    cv.height = H;\n    const ctx2 = cv.getContext(\'
2d\');\n    ctx2.clearRect(0, 0, W, H);\n\n    // ����ӳ�亯����mm �� canvas����\n    const toCanvasX = (mmX) => PAD + ((m
mX - xMin) / xRange) * (W - PAD * 2);\n    // Z�᣺С z ���£��� z ���ϣ���ת Y�ᣩ\n    const toCanvasY = (mmZ) => H - PAD - (
(mmZ - zMin) / zRange) * (H - PAD * 2);\n\n    // �����α߿�P1��P2��P3��P4��P1��\n    ctx2.save();\n    ctx2.strokeStyle 
= \'#22c55e\';\n    ctx2.lineWidth = 2;\n    ctx2.setLineDash([6, 3]);\n    ctx2.beginPath();\n    [\'p1\', \'p2\', \'p
3\', \'p4\'].forEach((key, i) => {\n      const p = labeledPoints.find((lp) => lp.key === key);\n      if (i === 0) ctx
2.moveTo(toCanvasX(p.x), toCanvasY(p.z));\n      else ctx2.lineTo(toCanvasX(p.x), toCanvasY(p.z));\n    });\n    ctx2.c
losePath();\n    ctx2.stroke();\n    ctx2.restore();\n\n    // ���Խ��ߣ�P1-P3��P2-P4��\n    ctx2.save();\n    ctx2.strok
eStyle = \'rgba(99,102,241,0.4)\';\n    ctx2.lineWidth = 1;\n    ctx2.setLineDash([3, 4]);\n    const p1c = labeledPoin
ts.find((p) => p.key === \'p1\');\n    const p3c = labeledPoints.find((p) => p.key === \'p3\');\n    const p2c = labele
dPoints.find((p) => p.key === \'p2\');\n    const p4c = labeledPoints.find((p) => p.key === \'p4\');\n    ctx2.beginPat
h();\n    ctx2.moveTo(toCanvasX(p1c.x), toCanvasY(p1c.z));\n    ctx2.lineTo(toCanvasX(p3c.x), toCanvasY(p3c.z));\n    c
tx2.moveTo(toCanvasX(p2c.x), toCanvasY(p2c.z));\n    ctx2.lineTo(toCanvasX(p4c.x), toCanvasY(p4c.z));\n    ctx2.stroke(
);\n    ctx2.restore();\n\n    // ���� + ��ǩ\n    const colors = { p1: \'#f59e0b\', p2: \'#f59e0b\', p3: \'#f59e0b\', p
4: \'#f59e0b\', p5: \'#6366f1\' };\n    labeledPoints.forEach((p) => {\n      const cx2 = toCanvasX(p.x);\n      const 
cy = toCanvasY(p.z);\n      const isCenter = p.key === \'p5\';\n\n      // Բ��\n      ctx2.save();\n      ctx2.fillStyl
e = colors[p.key];\n      ctx2.beginPath();\n      ctx2.arc(cx2, cy, isCenter ? 7 : 5, 0, Math.PI * 2);\n      ctx2.fil
l();\n      if (isCenter) {\n        ctx2.strokeStyle = \'#a5b4fc\';\n        ctx2.lineWidth = 1.5;\n        ctx2.strok
e();\n      }\n      ctx2.restore();\n\n      // ��ǩ����\n      ctx2.save();\n      ctx2.fillStyle = \'#e2e8f0\';\n    
  ctx2.font = `bold ${isCenter ? 11 : 10}px monospace`;\n      const labelX = cx2 + (p.x >= (xMin + xMax) / 2 ? -52 : 1
0);\n      const labelY = cy + (p.z >= (zMin + zMax) / 2 ? -10 : 16);\n      ctx2.fillText(p.label, labelX, labelY);\n 
     // XZ ����\n      ctx2.fillStyle = \'#94a3b8\';\n      ctx2.font = \'9px monospace\';\n      ctx2.fillText(`(${p.x
.toFixed(1)}, ${p.z.toFixed(1)})`, labelX, labelY + 12);\n      ctx2.restore();\n    });\n\n    wrap.style.display = \'
block\';\n  }\n\n  window.addEventListener(\'resize\', resizeCanvas);\n  image.addEventListener(\'load\', resizeCanvas)
;\n\n  // �����������ݰ��ŽӲ㣺����¶��ǰ���պ͡����ص������������ı�ԭ����̨���̡�\n  window.rackLocatorOfflineBridge = {\n    snap
shot() {\n      return {\n        pointcloud_token: state.token,\n        source: state.source,\n        roi_config: {\
n          ...currentRoi3D(),\n          target_roi: state.roi ? { ...state.roi } : null,\n        },\n        result: 
state.lastResult,\n        recipe_id: state.captureRecipeId || $(\'recipe-id\')?.value || null,\n        layer_no: stat
e.captureLayerNo || currentLayerIndex(),\n      };\n    },\n    load(payload) {\n      if (!payload || !payload.pointcl
oud_token) throw new Error(\'���ݰ�δ������Ч����\');\n      state.token = payload.pointcloud_token;\n      state.source =
 payload.source || \'offline_package\';\n      state.captureRecipeId = payload.metadata?.recipe?.recipe_id || $(\'recip
e-id\')?.value || null;\n      state.captureLayerNo = payload.metadata?.layer?.layer_no || currentLayerIndex();\n      
state.lastResult = payload.result || null;\n      state.roi = null;\n      state.displayRoi = null;\n      const previe
wUrl = payload.preview_image_url;\n      if (previewUrl) {\n        image.src = previewUrl + (previewUrl.includes(\'?\'
) ? \'&\' : \'?\') + \'t=\' + Date.now();\n        $(\'rl-result-img\').src = image.src;\n        $(\'rl-result-img\').
style.display = \'block\';\n        $(\'rl-result-ph\').style.display = \'none\';\n      }\n      image.dataset.natural
Width = payload.image_width || 640;\n      image.dataset.naturalHeight = payload.image_height || 480;\n      image.styl
e.display = \'block\';\n      canvas.style.display = \'block\';\n      $(\'rl-placeholder\').style.display = \'none\';\
n      $(\'rl-roi-readout\').style.display = \'block\';\n      $(\'rl-source\').textContent = \'����Դ \' + state.source
;\n      $(\'rl-source\').style.display = \'\';\n      const roi = payload.roi_config || {};\n      [\'x_min\', \'x_max
\', \'y_min\', \'y_max\', \'z_min\', \'z_max\'].forEach((key) => {\n        const node = $(\'roi-\' + key.replace(\'_\'
, \'-\'));\n        if (node && roi[key] != null) node.value = Number(roi[key]).toFixed(3);\n      });\n\n      // ���ݰ
�ͼ����ص�����������ʹ�ð���2D ROI���ɰ�û��ʱ�������䷽�ز顣\n      if (payload.roi_projection_error) console.warn(\'[�Զ�ROI] ���
ݰ�3D ROIͶӰ��ʾ��\', payload.roi_projection_error);\n      const packageRoi = normalizePixelRoi(payload.recipe_pixel_roi)
\n        || normalizePixelRoi(payload.roi_config?.target_roi);\n      afterPreviewLoaded(() => autoLoadAndShowRecipeRo
i({\n        recipeId: state.captureRecipeId,\n        targetRoi: packageRoi,\n        source: payload.recipe_pixel_roi
 ? \'���ݰ�3D ROI\' : (packageRoi ? \'���ݰ�\' : \'�䷽\'),\n      }));\n\n      if (payload.result) renderResult(payload.r
esult);\n      refreshActionState();\n    },\n    renderResult,\n  };\n  \n  // �����¾ɿؼ��仯��ͬ��\n  [\'locate-mode\', \
'layer-no-select\', \'layer-no\', \'locate-type\', \'layer-index\'].forEach((id) => {\n    $(id)?.addEventListener(\'ch
ange\', async () => {\n      syncControls();\n      state.alignmentToken = null;\n      state.lastResultId = null;\n   
   state.lastResultOk = false;\n      refreshActionState();\n      await refreshCurrentRecipe();\n    });\n  });\n\n  d
ocument.addEventListener(\'DOMContentLoaded\', async () => {\n    syncControls();\n    refreshActionState();\n    await
 refreshCurrentRecipe();\n  });\n  if (document.readyState !== \'loading\') {\n    syncControls();\n    refreshActionSt
ate();\n    refreshCurrentRecipe();\n  }\n}());\n'

----------------------------------------------------------------------
Ran 139 tests in 2.577s

FAILED (failures=6, errors=4)
Destroying test database for alias 'default'...

Found 139 test(s).
System check identified no issues (0 silenced).
